// Jest Snapshot v1, https://goo.gl/fbAQLP

exports[`Resources renders correctly 1`] = `<section />`;
