// Jest Snapshot v1, https://goo.gl/fbAQLP

exports[`About renders correctly: About.test.js 1`] = `
<div
  className="about-container"
>
  <h2
    id="about-us-header"
  >
    About Us
  </h2>
  <p>
    For entry level developers, people interested in starting a new career in tech, and anyone wanting to encourage and help newer developers. Join us to hear relevant speakers, have a slice of pizza, and make new connections! We look forward to meeting you. If youâ€™d like to be a part of our Slack channel, you can be a part of the 
    <a
      href="http://bit.ly/JrDevSlackInvite"
    >
      conversation here
    </a>
    .
  </p>
  <p>
    PDX Jr. Devs is a community of developers comprised of people that are getting their start in tech.
  </p>
</div>
`;
